// Jest Snapshot v1, https://goo.gl/fbAQLP

exports[`schema 1`] = `
{
  "components": {
    "schemas": {
      "AddionalResponse": {
        "additionalProperties": false,
        "properties": {
          "id": {
            "type": "number",
          },
          "user": {
            "additionalProperties": false,
            "properties": {
              "id": {
                "type": "number",
              },
              "name": {
                "type": "string",
              },
            },
            "required": [
              "id",
              "name",
            ],
            "type": "object",
          },
        },
        "required": [
          "id",
          "user",
        ],
        "type": "object",
      },
      "AnyResponse": {
        "additionalProperties": false,
        "properties": {
          "anyArray": {
            "items": {},
            "type": "array",
          },
          "anyObject": {},
          "anyString": {},
          "id": {
            "type": "number",
          },
          "multiNull": {
            "nullable": true,
            "type": [
              "number",
              "string",
            ],
          },
          "multiNumber": {
            "nullable": true,
            "type": [
              "number",
              "string",
            ],
          },
          "multiString": {
            "nullable": true,
            "type": [
              "number",
              "string",
            ],
          },
        },
        "required": [
          "id",
          "anyString",
          "anyArray",
          "anyObject",
          "multiNull",
          "multiNumber",
          "multiString",
        ],
        "type": "object",
      },
      "CreateTodo": {
        "additionalProperties": false,
        "properties": {
          "priority": {
            "type": "number",
          },
          "text": {
            "type": "string",
          },
        },
        "required": [
          "priority",
          "text",
        ],
        "type": "object",
      },
      "EmptyInterfaceResponse": {
        "additionalProperties": false,
        "properties": {},
        "type": "object",
      },
      "InputEmptyQuery": {
        "additionalProperties": false,
        "properties": {},
        "type": "object",
      },
      "InputEmptyStringNull": {
        "additionalProperties": false,
        "properties": {
          "n": {
            "nullable": true,
            "type": "number",
          },
          "n2": {
            "nullable": true,
            "type": "number",
          },
        },
        "required": [
          "n",
        ],
        "type": "object",
      },
      "ListTodoQuery": {
        "additionalProperties": false,
        "properties": {
          "includeDone": {
            "type": "boolean",
          },
        },
        "type": "object",
      },
      "NestedInterfaceResponse": {
        "additionalProperties": false,
        "properties": {
          "ids": {
            "items": {
              "additionalProperties": false,
              "properties": {
                "id": {
                  "type": "number",
                },
              },
              "required": [
                "id",
              ],
              "type": "object",
            },
            "type": "array",
          },
        },
        "required": [
          "ids",
        ],
        "type": "object",
      },
      "NullConvertResponse": {
        "additionalProperties": false,
        "properties": {
          "id": {
            "type": "string",
          },
        },
        "required": [
          "id",
        ],
        "type": "object",
      },
      "NullResponse": {
        "additionalProperties": false,
        "properties": {
          "id": {
            "type": "number",
          },
          "user": {
            "additionalProperties": false,
            "nullable": true,
            "properties": {
              "id": {
                "type": "number",
              },
              "name": {
                "type": "string",
              },
            },
            "required": [
              "id",
              "name",
            ],
            "type": "object",
          },
          "userNull": {
            "additionalProperties": false,
            "nullable": true,
            "properties": {
              "id": {
                "type": "number",
              },
              "name": {
                "type": "string",
              },
            },
            "required": [
              "id",
              "name",
            ],
            "type": "object",
          },
        },
        "required": [
          "id",
          "user",
          "userNull",
        ],
        "type": "object",
      },
      "ObjectResponse": {
        "additionalProperties": false,
        "properties": {
          "anyObject": {
            "additionalProperties": {
              "type": "string",
            },
            "type": "object",
          },
          "anyRecord": {
            "additionalProperties": true,
            "type": "object",
          },
          "id": {
            "type": "number",
          },
          "stringObject": {
            "additionalProperties": {
              "type": "string",
            },
            "type": "object",
          },
        },
        "required": [
          "id",
          "anyRecord",
          "anyObject",
          "stringObject",
        ],
        "type": "object",
      },
      "TodoResponse": {
        "additionalProperties": false,
        "properties": {
          "createdAt": {
            "format": "date-time",
            "type": "string",
          },
          "done": {
            "type": "boolean",
          },
          "id": {
            "type": "number",
          },
          "priority": {
            "type": "number",
          },
          "text": {
            "type": "string",
          },
        },
        "required": [
          "createdAt",
          "done",
          "id",
          "priority",
          "text",
        ],
        "type": "object",
      },
      "UndefinedResponse": {
        "additionalProperties": false,
        "properties": {
          "id": {
            "type": "number",
          },
          "object": {
            "additionalProperties": false,
            "properties": {
              "id": {
                "type": "number",
              },
              "name": {
                "type": "string",
              },
            },
            "required": [
              "id",
              "name",
            ],
            "type": "object",
          },
          "objectNull": {
            "additionalProperties": false,
            "nullable": true,
            "properties": {
              "id": {
                "type": "number",
              },
              "name": {
                "type": "string",
              },
            },
            "required": [
              "id",
              "name",
            ],
            "type": "object",
          },
          "objectNullUndefined": {
            "additionalProperties": false,
            "nullable": true,
            "properties": {
              "id": {
                "type": "number",
              },
              "name": {
                "type": "string",
              },
            },
            "required": [
              "id",
              "name",
            ],
            "type": "object",
          },
          "objectNullUndefined2": {
            "additionalProperties": false,
            "nullable": true,
            "properties": {
              "id": {
                "type": "number",
              },
              "name": {
                "type": "string",
              },
            },
            "required": [
              "id",
              "name",
            ],
            "type": "object",
          },
          "objectUndefined": {
            "additionalProperties": false,
            "properties": {
              "id": {
                "type": "number",
              },
              "name": {
                "type": "string",
              },
            },
            "required": [
              "id",
              "name",
            ],
            "type": "object",
          },
          "string": {
            "type": "string",
          },
          "stringUndefined": {
            "type": "string",
          },
        },
        "required": [
          "id",
        ],
        "type": "object",
      },
      "UpdateTodo": {
        "additionalProperties": false,
        "properties": {
          "createdAt": {
            "format": "date-time",
            "type": "string",
          },
          "done": {
            "type": "boolean",
          },
          "priority": {
            "type": "number",
          },
          "text": {
            "type": "string",
          },
        },
        "type": "object",
      },
    },
  },
  "info": {
    "description": "",
    "title": "Api",
    "version": "",
  },
  "openapi": "3.0.3",
  "paths": {
    "/inputs/empty-query": {
      "get": {
        "operationId": "emptyQuery",
        "responses": {
          "200": {
            "content": {
              "application/json": {
                "schema": {
                  "properties": {},
                  "type": "object",
                },
              },
            },
            "description": "Default Response",
          },
        },
        "tags": [
          "input",
        ],
      },
    },
    "/inputs/empty-string-null": {
      "get": {
        "operationId": "emptyStringNull",
        "parameters": [
          {
            "in": "query",
            "name": "n",
            "required": true,
            "schema": {
              "nullable": true,
              "type": "number",
            },
          },
          {
            "in": "query",
            "name": "n2",
            "required": false,
            "schema": {
              "nullable": true,
              "type": "number",
            },
          },
        ],
        "responses": {},
        "tags": [
          "input",
        ],
      },
    },
    "/responses/any": {
      "get": {
        "operationId": "any",
        "responses": {},
        "tags": [
          "responses",
        ],
      },
    },
    "/responses/any-response": {
      "get": {
        "operationId": "anyResponse",
        "responses": {
          "200": {
            "content": {
              "application/json": {
                "schema": {
                  "additionalProperties": false,
                  "properties": {
                    "anyArray": {
                      "items": {},
                      "type": "array",
                    },
                    "anyObject": {},
                    "anyString": {},
                    "id": {
                      "type": "number",
                    },
                    "multiNull": {
                      "nullable": true,
                      "type": [
                        "number",
                        "string",
                      ],
                    },
                    "multiNumber": {
                      "nullable": true,
                      "type": [
                        "number",
                        "string",
                      ],
                    },
                    "multiString": {
                      "nullable": true,
                      "type": [
                        "number",
                        "string",
                      ],
                    },
                  },
                  "required": [
                    "id",
                    "anyString",
                    "anyArray",
                    "anyObject",
                    "multiNull",
                    "multiNumber",
                    "multiString",
                  ],
                  "type": "object",
                },
              },
            },
            "description": "Default Response",
          },
        },
        "tags": [
          "responses",
        ],
      },
    },
    "/responses/empty-interface-response": {
      "get": {
        "operationId": "emptyInterfaceResponse",
        "responses": {
          "200": {
            "content": {
              "application/json": {
                "schema": {
                  "additionalProperties": false,
                  "properties": {},
                  "type": "object",
                },
              },
            },
            "description": "Default Response",
          },
        },
        "tags": [
          "responses",
        ],
      },
    },
    "/responses/nested-interface-response": {
      "get": {
        "operationId": "nestedInterfaceResponse",
        "responses": {
          "200": {
            "content": {
              "application/json": {
                "schema": {
                  "additionalProperties": false,
                  "properties": {
                    "ids": {
                      "items": {
                        "additionalProperties": false,
                        "properties": {
                          "id": {
                            "type": "number",
                          },
                        },
                        "required": [
                          "id",
                        ],
                        "type": "object",
                      },
                      "type": "array",
                    },
                  },
                  "required": [
                    "ids",
                  ],
                  "type": "object",
                },
              },
            },
            "description": "Default Response",
          },
        },
        "tags": [
          "responses",
        ],
      },
    },
    "/responses/null-convert-response": {
      "get": {
        "operationId": "nullConvertResponse",
        "responses": {
          "200": {
            "content": {
              "application/json": {
                "schema": {
                  "additionalProperties": false,
                  "properties": {
                    "id": {
                      "type": "string",
                    },
                  },
                  "required": [
                    "id",
                  ],
                  "type": "object",
                },
              },
            },
            "description": "Default Response",
          },
        },
        "tags": [
          "responses",
        ],
      },
    },
    "/responses/null-property": {
      "get": {
        "operationId": "nullProperty",
        "responses": {
          "200": {
            "content": {
              "application/json": {
                "schema": {
                  "additionalProperties": false,
                  "properties": {
                    "id": {
                      "type": "number",
                    },
                    "user": {
                      "additionalProperties": false,
                      "nullable": true,
                      "properties": {
                        "id": {
                          "type": "number",
                        },
                        "name": {
                          "type": "string",
                        },
                      },
                      "required": [
                        "id",
                        "name",
                      ],
                      "type": "object",
                    },
                    "userNull": {
                      "additionalProperties": false,
                      "nullable": true,
                      "properties": {
                        "id": {
                          "type": "number",
                        },
                        "name": {
                          "type": "string",
                        },
                      },
                      "required": [
                        "id",
                        "name",
                      ],
                      "type": "object",
                    },
                  },
                  "required": [
                    "id",
                    "user",
                    "userNull",
                  ],
                  "type": "object",
                },
              },
            },
            "description": "Default Response",
          },
        },
        "tags": [
          "responses",
        ],
      },
    },
    "/responses/number": {
      "get": {
        "operationId": "number",
        "responses": {
          "200": {
            "content": {
              "application/json": {
                "schema": {
                  "type": "number",
                },
              },
            },
            "description": "Default Response",
          },
        },
        "tags": [
          "responses",
        ],
      },
    },
    "/responses/object-response": {
      "get": {
        "operationId": "objectResponse",
        "responses": {
          "200": {
            "content": {
              "application/json": {
                "schema": {
                  "additionalProperties": false,
                  "properties": {
                    "anyObject": {
                      "additionalProperties": {
                        "type": "string",
                      },
                      "type": "object",
                    },
                    "anyRecord": {
                      "additionalProperties": true,
                      "type": "object",
                    },
                    "id": {
                      "type": "number",
                    },
                    "stringObject": {
                      "additionalProperties": {
                        "type": "string",
                      },
                      "type": "object",
                    },
                  },
                  "required": [
                    "id",
                    "anyRecord",
                    "anyObject",
                    "stringObject",
                  ],
                  "type": "object",
                },
              },
            },
            "description": "Default Response",
          },
        },
        "tags": [
          "responses",
        ],
      },
    },
    "/responses/remove-additional": {
      "get": {
        "operationId": "removeAdditional",
        "responses": {
          "200": {
            "content": {
              "application/json": {
                "schema": {
                  "additionalProperties": false,
                  "properties": {
                    "id": {
                      "type": "number",
                    },
                    "user": {
                      "additionalProperties": false,
                      "properties": {
                        "id": {
                          "type": "number",
                        },
                        "name": {
                          "type": "string",
                        },
                      },
                      "required": [
                        "id",
                        "name",
                      ],
                      "type": "object",
                    },
                  },
                  "required": [
                    "id",
                    "user",
                  ],
                  "type": "object",
                },
              },
            },
            "description": "Default Response",
          },
        },
        "tags": [
          "responses",
        ],
      },
    },
    "/responses/string": {
      "get": {
        "operationId": "string",
        "responses": {
          "200": {
            "content": {
              "application/json": {
                "schema": {
                  "type": "string",
                },
              },
            },
            "description": "Default Response",
          },
        },
        "tags": [
          "responses",
        ],
      },
    },
    "/responses/undefined-response": {
      "get": {
        "operationId": "undefinedResponse",
        "responses": {
          "200": {
            "content": {
              "application/json": {
                "schema": {
                  "additionalProperties": false,
                  "properties": {
                    "id": {
                      "type": "number",
                    },
                    "object": {
                      "additionalProperties": false,
                      "properties": {
                        "id": {
                          "type": "number",
                        },
                        "name": {
                          "type": "string",
                        },
                      },
                      "required": [
                        "id",
                        "name",
                      ],
                      "type": "object",
                    },
                    "objectNull": {
                      "additionalProperties": false,
                      "nullable": true,
                      "properties": {
                        "id": {
                          "type": "number",
                        },
                        "name": {
                          "type": "string",
                        },
                      },
                      "required": [
                        "id",
                        "name",
                      ],
                      "type": "object",
                    },
                    "objectNullUndefined": {
                      "additionalProperties": false,
                      "nullable": true,
                      "properties": {
                        "id": {
                          "type": "number",
                        },
                        "name": {
                          "type": "string",
                        },
                      },
                      "required": [
                        "id",
                        "name",
                      ],
                      "type": "object",
                    },
                    "objectNullUndefined2": {
                      "additionalProperties": false,
                      "nullable": true,
                      "properties": {
                        "id": {
                          "type": "number",
                        },
                        "name": {
                          "type": "string",
                        },
                      },
                      "required": [
                        "id",
                        "name",
                      ],
                      "type": "object",
                    },
                    "objectUndefined": {
                      "additionalProperties": false,
                      "properties": {
                        "id": {
                          "type": "number",
                        },
                        "name": {
                          "type": "string",
                        },
                      },
                      "required": [
                        "id",
                        "name",
                      ],
                      "type": "object",
                    },
                    "string": {
                      "type": "string",
                    },
                    "stringUndefined": {
                      "type": "string",
                    },
                  },
                  "required": [
                    "id",
                  ],
                  "type": "object",
                },
              },
            },
            "description": "Default Response",
          },
        },
        "tags": [
          "responses",
        ],
      },
    },
    "/responses/void": {
      "delete": {
        "operationId": "voidResponse",
        "responses": {
          "204": {
            "content": {
              "application/json": {
                "schema": {
                  "properties": {},
                  "type": "object",
                },
              },
            },
            "description": "Default Response",
          },
        },
        "tags": [
          "responses",
        ],
      },
    },
    "/todos": {
      "get": {
        "operationId": "list",
        "parameters": [
          {
            "in": "query",
            "name": "includeDone",
            "required": false,
            "schema": {
              "type": "boolean",
            },
          },
        ],
        "responses": {
          "200": {
            "content": {
              "application/json": {
                "schema": {
                  "items": {
                    "additionalProperties": false,
                    "properties": {
                      "createdAt": {
                        "format": "date-time",
                        "type": "string",
                      },
                      "done": {
                        "type": "boolean",
                      },
                      "id": {
                        "type": "number",
                      },
                      "priority": {
                        "type": "number",
                      },
                      "text": {
                        "type": "string",
                      },
                    },
                    "required": [
                      "createdAt",
                      "done",
                      "id",
                      "priority",
                      "text",
                    ],
                    "type": "object",
                  },
                  "type": "array",
                },
              },
            },
            "description": "Default Response",
          },
        },
        "tags": [
          "todos",
        ],
      },
      "post": {
        "operationId": "create",
        "requestBody": {
          "content": {
            "application/json": {
              "schema": {
                "additionalProperties": false,
                "properties": {
                  "priority": {
                    "type": "number",
                  },
                  "text": {
                    "type": "string",
                  },
                },
                "required": [
                  "priority",
                  "text",
                ],
                "type": "object",
              },
            },
          },
          "required": true,
        },
        "responses": {
          "200": {
            "content": {
              "application/json": {
                "schema": {
                  "additionalProperties": false,
                  "properties": {
                    "createdAt": {
                      "format": "date-time",
                      "type": "string",
                    },
                    "done": {
                      "type": "boolean",
                    },
                    "id": {
                      "type": "number",
                    },
                    "priority": {
                      "type": "number",
                    },
                    "text": {
                      "type": "string",
                    },
                  },
                  "required": [
                    "createdAt",
                    "done",
                    "id",
                    "priority",
                    "text",
                  ],
                  "type": "object",
                },
              },
            },
            "description": "Default Response",
          },
        },
        "tags": [
          "todos",
        ],
      },
    },
    "/todos/{id}": {
      "delete": {
        "operationId": "remove",
        "parameters": [
          {
            "in": "path",
            "name": "id",
            "required": true,
            "schema": {
              "type": "number",
            },
          },
        ],
        "responses": {
          "204": {
            "content": {
              "application/json": {
                "schema": {
                  "properties": {},
                  "type": "object",
                },
              },
            },
            "description": "Default Response",
          },
        },
        "tags": [
          "todos",
        ],
      },
      "get": {
        "operationId": "get",
        "parameters": [
          {
            "in": "path",
            "name": "id",
            "required": true,
            "schema": {
              "type": "number",
            },
          },
        ],
        "responses": {
          "200": {
            "content": {
              "application/json": {
                "schema": {
                  "additionalProperties": false,
                  "properties": {
                    "createdAt": {
                      "format": "date-time",
                      "type": "string",
                    },
                    "done": {
                      "type": "boolean",
                    },
                    "id": {
                      "type": "number",
                    },
                    "priority": {
                      "type": "number",
                    },
                    "text": {
                      "type": "string",
                    },
                  },
                  "required": [
                    "createdAt",
                    "done",
                    "id",
                    "priority",
                    "text",
                  ],
                  "type": "object",
                },
              },
            },
            "description": "Default Response",
          },
        },
        "tags": [
          "todos",
        ],
      },
      "put": {
        "operationId": "update",
        "parameters": [
          {
            "in": "path",
            "name": "id",
            "required": true,
            "schema": {
              "type": "number",
            },
          },
        ],
        "requestBody": {
          "content": {
            "application/json": {
              "schema": {
                "additionalProperties": false,
                "properties": {
                  "createdAt": {
                    "format": "date-time",
                    "type": "string",
                  },
                  "done": {
                    "type": "boolean",
                  },
                  "priority": {
                    "type": "number",
                  },
                  "text": {
                    "type": "string",
                  },
                },
                "type": "object",
              },
            },
          },
        },
        "responses": {
          "200": {
            "content": {
              "application/json": {
                "schema": {
                  "additionalProperties": false,
                  "properties": {
                    "createdAt": {
                      "format": "date-time",
                      "type": "string",
                    },
                    "done": {
                      "type": "boolean",
                    },
                    "id": {
                      "type": "number",
                    },
                    "priority": {
                      "type": "number",
                    },
                    "text": {
                      "type": "string",
                    },
                  },
                  "required": [
                    "createdAt",
                    "done",
                    "id",
                    "priority",
                    "text",
                  ],
                  "type": "object",
                },
              },
            },
            "description": "Default Response",
          },
        },
        "tags": [
          "todos",
        ],
      },
    },
  },
}
`;
